// Jest Snapshot v1, https://goo.gl/fbAQLP

exports[`Home Component can render Home 1`] = `
<img
  alt="loading"
  src="https://upload.wikimedia.org/wikipedia/commons/6/66/Loadingsome.gif"
/>
`;
